******************************************************************************
                  TI ARM Linker PC v20.2.7                     
******************************************************************************
>> Linked Thu Apr 20 20:22:54 2023

OUTPUT FILE NAME:   <lab7Project.out>
ENTRY POINT SYMBOL: "_c_int00_noargs"  address: 000017e5


MEMORY CONFIGURATION

         name            origin    length      used     unused   attr    fill
----------------------  --------  ---------  --------  --------  ----  --------
  FLASH                 00000000   00040000  00001bd0  0003e430  R  X
  SRAM                  20000000   00008000  00000c6c  00007394  RW X


SEGMENT ALLOCATION MAP

run origin  load origin   length   init length attrs members
----------  ----------- ---------- ----------- ----- -------
00000000    00000000    00001bd4   00001bd4    r-x
  00000000    00000000    0000026c   0000026c    r-- .intvecs
  0000026c    0000026c    000015d8   000015d8    r-x .text
  00001848    00001848    0000038c   0000038c    r-- .cinit
20000000    20000000    00000c70   00000000    rw-
  20000000    20000000    00000a6c   00000000    rw- .data
  20000a70    20000a70    00000200   00000000    rw- .stack


SECTION ALLOCATION MAP

 output                                  attributes/
section   page    origin      length       input sections
--------  ----  ----------  ----------   ----------------
.intvecs   0    00000000    0000026c     
                  00000000    0000026c     tm4c123gh6pm_startup_ccs.obj (.intvecs)

.text      0    0000026c    000015d8     
                  0000026c    00000cd6     lab7.obj (.text)
                  00000f42    00000002     --HOLE-- [fill = 0]
                  00000f44    00000756     lab7library.obj (.text)
                  0000169a    0000009c     rtsv7M4_T_le_v4SPD16_eabi.lib : memcpy_t2.asm.obj (.text)
                  00001736    00000068                                   : copy_decompress_lzss.c.obj (.text:decompress:lzss:__TI_decompress_lzss)
                  0000179e    00000002     --HOLE-- [fill = 0]
                  000017a0    00000044                                   : autoinit.c.obj (.text:__TI_auto_init_nobinit_nopinit:__TI_auto_init_nobinit_nopinit)
                  000017e4    00000034                                   : boot_cortex_m.c.obj (.text:_c_int00_noargs:_c_int00_noargs)
                  00001818    0000000e                                   : copy_decompress_none.c.obj (.text:decompress:none:__TI_decompress_none)
                  00001826    0000000c     tm4c123gh6pm_startup_ccs.obj (.text)
                  00001832    0000000a     main.obj (.text)
                  0000183c    00000004     rtsv7M4_T_le_v4SPD16_eabi.lib : pre_init.c.obj (.text:_system_pre_init)
                  00001840    00000004                                   : exit.c.obj (.text:abort:abort)

.cinit     0    00001848    0000038c     
                  00001848    0000037b     (.cinit..data.load) [load image, compression = lzss]
                  00001bc3    00000001     --HOLE-- [fill = 0]
                  00001bc4    00000008     (__TI_handler_table)
                  00001bcc    00000008     (__TI_cinit_table)

.init_array 
*          0    00000000    00000000     UNINITIALIZED

.data      0    20000000    00000a6c     UNINITIALIZED
                  20000000    00000a6c     lab7.obj (.data)

.stack     0    20000a70    00000200     UNINITIALIZED
                  20000a70    00000004     rtsv7M4_T_le_v4SPD16_eabi.lib : boot_cortex_m.c.obj (.stack)
                  20000a74    000001fc     --HOLE--

__llvm_prf_cnts 
*          0    20000000    00000000     UNINITIALIZED

MODULE SUMMARY

       Module                         code   ro data   rw data
       ------                         ----   -------   -------
    .\
       lab7.obj                       3286   0         2668   
       lab7library.obj                1878   0         0      
       tm4c123gh6pm_startup_ccs.obj   12     620       0      
       main.obj                       10     0         0      
    +--+------------------------------+------+---------+---------+
       Total:                         5186   620       2668   
                                                              
    C:\ti\ccs1220\ccs\tools\compiler\ti-cgt-arm_20.2.7.LTS\lib\rtsv7M4_T_le_v4SPD16_eabi.lib
       memcpy_t2.asm.obj              156    0         0      
       copy_decompress_lzss.c.obj     104    0         0      
       autoinit.c.obj                 68     0         0      
       boot_cortex_m.c.obj            52     0         0      
       copy_decompress_none.c.obj     14     0         0      
       exit.c.obj                     4      0         0      
       pre_init.c.obj                 4      0         0      
    +--+------------------------------+------+---------+---------+
       Total:                         402    0         0      
                                                              
       Stack:                         0      0         512    
       Linker Generated:              0      907       0      
    +--+------------------------------+------+---------+---------+
       Grand Total:                   5588   1527      3180   


LINKER GENERATED COPY TABLES

__TI_cinit_table @ 00001bcc records: 1, size/record: 8, table size: 8
	.data: load addr=00001848, load size=0000037b bytes, run addr=20000000, run size=00000a6c bytes, compression=lzss


LINKER GENERATED HANDLER TABLE

__TI_handler_table @ 00001bc4 records: 2, size/record: 4, table size: 8
	index: 0, handler: __TI_decompress_lzss
	index: 1, handler: __TI_decompress_none


GLOBAL SYMBOLS: SORTED ALPHABETICALLY BY Name 

address   name                          
-------   ----                          
00001841  C$$EXIT                       
00001827  ResetISR                      
000008a3  Switch_Handler                
00000947  Timer_Handler                 
00000969  UART0_Handler                 
20000c70  __STACK_END                   
00000200  __STACK_SIZE                  
20000c70  __STACK_TOP                   
00001bcc  __TI_CINIT_Base               
00001bd4  __TI_CINIT_Limit              
00001bc4  __TI_Handler_Table_Base       
00001bcc  __TI_Handler_Table_Limit      
000017a1  __TI_auto_init_nobinit_nopinit
00001737  __TI_decompress_lzss          
00001819  __TI_decompress_none          
ffffffff  __TI_pprof_out_hndl           
ffffffff  __TI_prof_data_size           
ffffffff  __TI_prof_data_start          
00000000  __TI_static_base__            
0000169b  __aeabi_memcpy                
0000169b  __aeabi_memcpy4               
0000169b  __aeabi_memcpy8               
ffffffff  __binit__                     
ffffffff  __c_args__                    
UNDEFED   __mpu_init                    
20000a70  __stack                       
20000000  __start___llvm_prf_cnts       
20000000  __stop___llvm_prf_cnts        
000017e5  _c_int00_noargs               
UNDEFED   _system_post_cinit            
0000183d  _system_pre_init              
00001841  abort                         
ffffffff  binit                         
00001161  change_timer_cycles           
0000168b  clear_terminal                
00001085  clock_interrupt_init          
00001383  count_digits                  
00000fa9  disable_all_interrupts        
00001193  disable_timer_interrupts      
000011a5  enable_timer_interrupts       
00000000  g_pfnVectors                  
0000035d  game                          
000013a3  get_int_at_position           
000011b7  gpio_btn_and_LED_init         
00001001  gpio_interrupt_init           
00001411  illuminate_LEDs               
0000142d  illuminate_RGB_LED            
000015fd  int2string                    
00001647  int2string_noNullTerm         
00001833  main                          
0000169b  memcpy                        
0000128d  output_character              
0000124f  output_string                 
00000f65  print_newline_carriage_return 
00001269  read_character                
000013cd  read_from_push_btns           
000013e5  read_from_push_buttns_easy    
0000120f  read_string                   
00001449  read_tiva_push_button         
00000a0d  reset_terminal                
0000127f  simple_read_character         
000010ff  start_timer_no_interrupt      
000015b7  string2int                    
000012a3  uart_init                     
00000f7d  uart_interrupt_init           


GLOBAL SYMBOLS: SORTED BY Symbol Address 

address   name                          
-------   ----                          
00000000  __TI_static_base__            
00000000  g_pfnVectors                  
00000200  __STACK_SIZE                  
0000035d  game                          
000008a3  Switch_Handler                
00000947  Timer_Handler                 
00000969  UART0_Handler                 
00000a0d  reset_terminal                
00000f65  print_newline_carriage_return 
00000f7d  uart_interrupt_init           
00000fa9  disable_all_interrupts        
00001001  gpio_interrupt_init           
00001085  clock_interrupt_init          
000010ff  start_timer_no_interrupt      
00001161  change_timer_cycles           
00001193  disable_timer_interrupts      
000011a5  enable_timer_interrupts       
000011b7  gpio_btn_and_LED_init         
0000120f  read_string                   
0000124f  output_string                 
00001269  read_character                
0000127f  simple_read_character         
0000128d  output_character              
000012a3  uart_init                     
00001383  count_digits                  
000013a3  get_int_at_position           
000013cd  read_from_push_btns           
000013e5  read_from_push_buttns_easy    
00001411  illuminate_LEDs               
0000142d  illuminate_RGB_LED            
00001449  read_tiva_push_button         
000015b7  string2int                    
000015fd  int2string                    
00001647  int2string_noNullTerm         
0000168b  clear_terminal                
0000169b  __aeabi_memcpy                
0000169b  __aeabi_memcpy4               
0000169b  __aeabi_memcpy8               
0000169b  memcpy                        
00001737  __TI_decompress_lzss          
000017a1  __TI_auto_init_nobinit_nopinit
000017e5  _c_int00_noargs               
00001819  __TI_decompress_none          
00001827  ResetISR                      
00001833  main                          
0000183d  _system_pre_init              
00001841  C$$EXIT                       
00001841  abort                         
00001bc4  __TI_Handler_Table_Base       
00001bcc  __TI_CINIT_Base               
00001bcc  __TI_Handler_Table_Limit      
00001bd4  __TI_CINIT_Limit              
20000000  __start___llvm_prf_cnts       
20000000  __stop___llvm_prf_cnts        
20000a70  __stack                       
20000c70  __STACK_END                   
20000c70  __STACK_TOP                   
ffffffff  __TI_pprof_out_hndl           
ffffffff  __TI_prof_data_size           
ffffffff  __TI_prof_data_start          
ffffffff  __binit__                     
ffffffff  __c_args__                    
ffffffff  binit                         
UNDEFED   __mpu_init                    
UNDEFED   _system_post_cinit            

[65 symbols]
